// Jest Snapshot v1, https://goo.gl/fbAQLP

exports[`SignUp should render properly 1`] = `
"<form method=\\"POST\\" action=\\"/signup\\" className=\\"form\\">
  <h3>
    SIGN UP
  </h3>
  <input type=\\"text\\" placeholder=\\"username\\" name=\\"username\\" required={true} />
  <input type=\\"password\\" placeholder=\\"password\\" name=\\"password\\" required={true} />
  <input type=\\"submit\\" value=\\"SIGN UP\\" />
</form>"
`;
